../lvgl/examples/widgets/checkbox/../../../src/core/../misc/../font/../draw/../misc/lv_area.h:370:23:lv_pct	16	static
../lvgl/examples/widgets/checkbox/../../../src/core/../display/lv_display.h:392:26:lv_screen_active	8	static
../lvgl/examples/widgets/checkbox/lv_example_checkbox_2.c:9:13:radio_event_handler	32	static
../lvgl/examples/widgets/checkbox/lv_example_checkbox_2.c:27:13:radiobutton_create	24	static
../lvgl/examples/widgets/checkbox/lv_example_checkbox_2.c:39:6:lv_example_checkbox_2	64	static
