../lvgl/examples/widgets/chart/../../../src/core/../misc/../font/../draw/../misc/lv_area.h:370:23:lv_pct	16	static
../lvgl/examples/widgets/chart/../../../src/core/../display/lv_display.h:392:26:lv_screen_active	8	static
../lvgl/examples/widgets/chart/../../../src/core/lv_obj_pos.h:198:20:lv_obj_center	16	static
../lvgl/examples/widgets/chart/../../../src/core/lv_obj_style.h:249:20:lv_obj_set_style_pad_hor	24	static
../lvgl/examples/widgets/chart/lv_example_chart_2.c:7:6:lv_example_chart_2	56	static
